Error Log - Smart Hospital Management System
============================================

Date: November 19, 2025
Branch: final-deliverable

ISSUES IDENTIFIED AND FIXED:
----------------------------

1. Symptom Checker Always Returns "Heart Attack"
   Status: ✅ FIXED
   Root Cause: Limited training data, poor ML model performance
   Solution: 
   - Expanded training data from 20 to 100+ examples
   - Implemented hybrid approach (keyword matching primary, ML secondary)
   - Added required keywords and weights for better accuracy
   - All 15 accuracy tests now passing

2. UI/UX Issues
   Status: ✅ FIXED
   Issues:
   - No input validation
   - No character counter
   - Poor confidence display
   - Missing accessibility labels
   Solution:
   - Added input validation (min 3 chars, max 500)
   - Added character counter
   - Improved confidence bar with aria labels
   - Added low confidence warnings
   - Enhanced button states and animations

3. Test Coverage
   Status: ✅ IMPROVED
   - Added 15 symptom checker accuracy tests
   - Added frontend tests for SymptomChecker component
   - Coverage: 77% for symptom_checker.py (targeting 100%)

KNOWN ISSUES:
-------------

1. Symptom Checker Coverage: 77%
   - Some error paths and edge cases not fully covered
   - Working on additional tests to reach 100%

2. Frontend Tests: Partial
   - SymptomChecker component tests created
   - Other components need tests for 100% coverage

NO BLOCKING ISSUES - All critical functionality working correctly.
